alter table if exists public.foobar drop constraint if exists foobar_constraint;
NOTICE:  relation "foobar" does not exist, skipping
