SELECT * FROM zdb.terms('idxevents', 'event_type', dsl.match_all());
             term              | doc_count 
-------------------------------+-----------
 publicevent                   |       130
 commitcommentevent            |       270
 releaseevent                  |       352
 memberevent                   |       569
 gollumevent                   |       836
 pullrequestreviewcommentevent |      1661
 deleteevent                   |      3320
 issuesevent                   |      4280
 forkevent                     |      5304
 pullrequestevent              |      6318
 issuecommentevent             |      8024
 watchevent                    |     14397
 createevent                   |     18370
 pushevent                     |     62414
(14 rows)

SELECT * FROM zdb.count('idxevents', dsl.match_all());
 count  
--------
 126245
(1 row)

SELECT * FROM zdb.stats('idxevents', 'repo_id', dsl.match_all());
 count  | min |   max    |       avg        |      sum      
--------+-----+----------+------------------+---------------
 126245 |  27 | 75272310 | 57904161.9904075 | 7310110930479
(1 row)

